

ORIGINAL HTML
---------------
Line  1: <!--
Line  2:   Copyright 2015 The AMP HTML Authors. All Rights Reserved.
Line  3: 
Line  4:   Licensed under the Apache License, Version 2.0 (the "License");
Line  5:   you may not use this file except in compliance with the License.
Line  6:   You may obtain a copy of the License at
Line  7: 
Line  8:       http://www.apache.org/licenses/LICENSE-2.0
Line  9: 
Line 10:   Unless required by applicable law or agreed to in writing, software
Line 11:   distributed under the License is distributed on an "AS-IS" BASIS,
Line 12:   WITHOUT WARRANTIES OR CONDITIONS OF ANY KIND, either express or implied.
Line 13:   See the License for the specific language governing permissions and
Line 14:   limitations under the license.
Line 15: -->
Line 16: <!--
Line 17:   Test Description:
Line 18:     This tests looks at specific errors related to ARIA rules.
Line 19: -->
Line 20: <!doctype html>
Line 21: <html âš¡>
Line 22: <head>
Line 23:   <meta charset="utf-8">
Line 24:   <link rel="canonical" href="./regular-html-version.html" />
Line 25:   <meta name="viewport" content="width=device-width,initial-scale=1,minimum-scale=1,maximum-scale=1,user-scalable=no,minimal-ui">
Line 26:   <style amp-boilerplate>body{-webkit-animation:-amp-start 8s steps(1,end) 0s 1 normal both;-moz-animation:-amp-start 8s steps(1,end) 0s 1 normal both;-ms-animation:-amp-start 8s steps(1,end) 0s 1 normal both;animation:-amp-start 8s steps(1,end) 0s 1 normal both}@-webkit-keyframes -amp-start{from{visibility:hidden}to{visibility:visible}}@-moz-keyframes -amp-start{from{visibility:hidden}to{visibility:visible}}@-ms-keyframes -amp-start{from{visibility:hidden}to{visibility:visible}}@-o-keyframes -amp-start{from{visibility:hidden}to{visibility:visible}}@keyframes -amp-start{from{visibility:hidden}to{visibility:visible}}</style><noscript><style amp-boilerplate>body{-webkit-animation:none;-moz-animation:none;-ms-animation:none;animation:none}</style></noscript>
Line 27:   <script src="https://cdn.ampproject.org/v0.js" async></script>
Line 28: </head>
Line 29: <body>
Line 30:   <!-- valid -->
Line 31:   <amp-img on="tap:lightbox" role="button" tabindex="1" layout="fill" src="img"></amp-img>
Line 32:   <!-- valid -->
Line 33:   <a href="#" on="tap:amp-access.login">Login</a>
Line 34:   <!-- valid -->
Line 35:   <button on="tap:amp-user-notification.dismiss">Dismiss</button>
Line 36:   <!-- invalid: missing role -->
Line 37:   <amp-img on="tap:lightbox" tabindex="1" layout="fill" src="img"></amp-img>
Line 38:   <!-- invalid: missing tabindex -->
Line 39:   <amp-img on="tap:lightbox" role="button" layout="fill" src="img"></amp-img>
Line 40:   <!-- invalid: missing both role and tabindex -->
Line 41:   <amp-img on="tap:lightbox" layout="fill" src="img"></amp-img>
Line 42: </body>
Line 43: </html>
Line 44: 



AMP-HTML Validation Issues and Fixes
-------------------------------------
FAIL

<html amp> on line 21
- The tag 'html' is disallowed.
   [code: DISALLOWED_TAG  category: DISALLOWED_HTML]
   ACTION TAKEN: html tag was removed due to validation issues.

<head> on line 22
- The tag 'head' is disallowed.
   [code: DISALLOWED_TAG  category: DISALLOWED_HTML]
   ACTION TAKEN: head tag was removed due to validation issues.

<meta charset="utf-8"> on line 23
- The tag 'meta' is disallowed.
   [code: DISALLOWED_TAG  category: DISALLOWED_HTML]
   ACTION TAKEN: meta tag was removed due to validation issues.

<link rel="canonical" href="./regular-html-version.html"> on line 24
- The tag 'link' is disallowed.
   [code: DISALLOWED_TAG  category: DISALLOWED_HTML]
   ACTION TAKEN: link tag was removed due to validation issues.

<meta name="viewport" content="width=device-width,initial-scale=1,minimum-scale=1,maximum-scale=1,user-scalable=no,minimal-ui"> on line 25
- The tag 'meta' is disallowed.
   [code: DISALLOWED_TAG  category: DISALLOWED_HTML]
   ACTION TAKEN: meta tag was removed due to validation issues.

<style amp-boilerplate> on line 26
- The tag 'style' is disallowed.
   [code: DISALLOWED_TAG  category: DISALLOWED_HTML]
   ACTION TAKEN: style tag was removed due to validation issues.

<noscript> on line 26
- The tag 'noscript' is disallowed.
   [code: DISALLOWED_TAG  category: DISALLOWED_HTML]
   ACTION TAKEN: noscript tag was removed due to validation issues.

<style amp-boilerplate> on line 26
- The tag 'style' is disallowed.
   [code: DISALLOWED_TAG  category: DISALLOWED_HTML]
   ACTION TAKEN: style tag was removed due to validation issues.

<script src="https://cdn.ampproject.org/v0.js" async> on line 27
- The tag 'script' is disallowed.
   [code: DISALLOWED_TAG  category: DISALLOWED_HTML]
   ACTION TAKEN: script tag was removed due to validation issues.

<body> on line 29
- The tag 'body' is disallowed.
   [code: DISALLOWED_TAG  category: DISALLOWED_HTML]
   ACTION TAKEN: body tag was removed due to validation issues.

<amp-img on="tap:lightbox" role="button" tabindex="1" layout="fill" src="img"> on line 31
- The tag 'amp-img' is disallowed.
   [code: DISALLOWED_TAG  category: DISALLOWED_HTML]
   ACTION TAKEN: amp-img tag was removed due to validation issues.

<a href="#" on="tap:amp-access.login"> on line 33
- The tag 'a' is disallowed.
   [code: DISALLOWED_TAG  category: DISALLOWED_HTML]
   ACTION TAKEN: a tag was removed due to validation issues.

<button on="tap:amp-user-notification.dismiss"> on line 35
- The tag 'button' is disallowed.
   [code: DISALLOWED_TAG  category: DISALLOWED_HTML]
   ACTION TAKEN: button tag was removed due to validation issues.

<amp-img on="tap:lightbox" tabindex="1" layout="fill" src="img"> on line 37
- The tag 'amp-img' is disallowed.
   [code: DISALLOWED_TAG  category: DISALLOWED_HTML]
   ACTION TAKEN: amp-img tag was removed due to validation issues.

<amp-img on="tap:lightbox" role="button" layout="fill" src="img"> on line 39
- The tag 'amp-img' is disallowed.
   [code: DISALLOWED_TAG  category: DISALLOWED_HTML]
   ACTION TAKEN: amp-img tag was removed due to validation issues.

<amp-img on="tap:lightbox" layout="fill" src="img"> on line 41
- The tag 'amp-img' is disallowed.
   [code: DISALLOWED_TAG  category: DISALLOWED_HTML]
   ACTION TAKEN: amp-img tag was removed due to validation issues.

GLOBAL WARNING
- The mandatory tag 'HTML' is missing or incorrect.
   [code: MANDATORY_TAG_MISSING  category: MANDATORY_AMP_TAG_MISSING_OR_INCORRECT see: https://www.ampproject.org/docs/reference/spec#required-markup]
- The mandatory tag 'HEAD' is missing or incorrect.
   [code: MANDATORY_TAG_MISSING  category: MANDATORY_AMP_TAG_MISSING_OR_INCORRECT see: https://www.ampproject.org/docs/reference/spec#required-markup]
- The mandatory tag 'link rel=canonical' is missing or incorrect.
   [code: MANDATORY_TAG_MISSING  category: MANDATORY_AMP_TAG_MISSING_OR_INCORRECT see: https://www.ampproject.org/docs/reference/spec#required-markup]
- The mandatory tag 'meta charset=utf-8' is missing or incorrect.
   [code: MANDATORY_TAG_MISSING  category: MANDATORY_AMP_TAG_MISSING_OR_INCORRECT see: https://www.ampproject.org/docs/reference/spec#required-markup]
   ACTION TAKEN: meta charset=utf-8 tag was added to the document.
- The mandatory tag 'meta name=viewport' is missing or incorrect.
   [code: MANDATORY_TAG_MISSING  category: MANDATORY_AMP_TAG_MISSING_OR_INCORRECT see: https://www.ampproject.org/docs/reference/spec#required-markup]
   ACTION TAKEN: meta name=viewport tag was added to the document.
- The mandatory tag 'head > style[amp4ads-boilerplate]' is missing or incorrect.
   [code: MANDATORY_TAG_MISSING  category: MANDATORY_AMP_TAG_MISSING_OR_INCORRECT see: https://github.com/ampproject/amphtml/blob/master/extensions/amp-a4a/amp-a4a-format.md#boilerplate]
- The mandatory tag 'head > style[amp4email-boilerplate]' is missing or incorrect.
   [code: MANDATORY_TAG_MISSING  category: MANDATORY_AMP_TAG_MISSING_OR_INCORRECT see: https://github.com/ampproject/amphtml/blob/master/spec/amp-boilerplate.md]
- The mandatory tag 'BODY' is missing or incorrect.
   [code: MANDATORY_TAG_MISSING  category: MANDATORY_AMP_TAG_MISSING_OR_INCORRECT see: https://www.ampproject.org/docs/reference/spec#required-markup]
- The mandatory tag 'amphtml engine v0.js script' is missing or incorrect.
   [code: MANDATORY_TAG_MISSING  category: MANDATORY_AMP_TAG_MISSING_OR_INCORRECT see: https://www.ampproject.org/docs/reference/spec#required-markup]
   ACTION TAKEN: amphtml engine v0.js script tag was added to the document.
- The mandatory tag 'amp4ads engine amp4ads-v0.js script' is missing or incorrect.
   [code: MANDATORY_TAG_MISSING  category: MANDATORY_AMP_TAG_MISSING_OR_INCORRECT see: https://www.ampproject.org/docs/reference/spec#required-markup]
- The mandatory tag 'noscript enclosure for boilerplate' is missing or incorrect.
   [code: MANDATORY_TAG_MISSING  category: MANDATORY_AMP_TAG_MISSING_OR_INCORRECT see: https://github.com/ampproject/amphtml/blob/master/spec/amp-boilerplate.md]
   ACTION TAKEN: noscript tag was added to the document.
- The mandatory tag 'head > style[amp-boilerplate]' is missing or incorrect.
   [code: MANDATORY_TAG_MISSING  category: MANDATORY_AMP_TAG_MISSING_OR_INCORRECT see: https://github.com/ampproject/amphtml/blob/master/spec/amp-boilerplate.md]
   ACTION TAKEN: head > style[amp-boilerplate] tag was added to the document.
- The mandatory tag 'noscript > style[amp-boilerplate]' is missing or incorrect.
   [code: MANDATORY_TAG_MISSING  category: MANDATORY_AMP_TAG_MISSING_OR_INCORRECT see: https://github.com/ampproject/amphtml/blob/master/spec/amp-boilerplate.md]
   ACTION TAKEN: noscript > style[amp-boilerplate] tag was added to the document.

COMPONENT NAMES WITH JS PATH
------------------------------
No custom amp script includes required
