

ORIGINAL HTML
---------------
Line  1: <!--
Line  2:   This file is basically minimum_valid_amp.html with some additional prefetch related tags added to <head>.
Line  3:   minimum_valid_amp.html is Copyright 2015 The AMP HTML Authors and licensed under Apache 2.0
Line  4:   (see http://www.apache.org/licenses/LICENSE-2.0 )
Line  5:   -->
Line  6: <!doctype html>
Line  7: <html âš¡>
Line  8: <head>
Line  9:   <meta charset="utf-8">
Line 10:   <link rel="canonical" href="./regular-html-version.html" />
Line 11:   <meta name="viewport" content="width=device-width,minimum-scale=1">
Line 12:   <style amp-boilerplate>body{-webkit-animation:-amp-start 8s steps(1,end) 0s 1 normal both;-moz-animation:-amp-start 8s steps(1,end) 0s 1 normal both;-ms-animation:-amp-start 8s steps(1,end) 0s 1 normal both;animation:-amp-start 8s steps(1,end) 0s 1 normal both}@-webkit-keyframes -amp-start{from{visibility:hidden}to{visibility:visible}}@-moz-keyframes -amp-start{from{visibility:hidden}to{visibility:visible}}@-ms-keyframes -amp-start{from{visibility:hidden}to{visibility:visible}}@-o-keyframes -amp-start{from{visibility:hidden}to{visibility:visible}}@keyframes -amp-start{from{visibility:hidden}to{visibility:visible}}</style><noscript><style amp-boilerplate>body{-webkit-animation:none;-moz-animation:none;-ms-animation:none;animation:none}</style></noscript>
Line 13:   <script async src="https://cdn.ampproject.org/v0.js"></script>
Line 14:   <meta http-equiv="x-dns-prefetch-control" content="on" />
Line 15:   <link rel="dns-prefetch" href="//cdn.potatopro.com" />
Line 16:   <!--[if IE 9]> <link rel="prefetch" href="//cdn.potatopro.com" /> <![endif]-->
Line 17: </head>
Line 18: <body>
Line 19: Hello, world.
Line 20: </body>
Line 21: </html>
Line 22: 


Transformations made from HTML tags to AMP custom tags
-------------------------------------------------------

<meta http-equiv="x-dns-prefetch-control" content="on"> at line 14
 ACTION TAKEN: meta tag matches CSS selector 'meta[http-equiv="x-dns-prefetch-control"]' and was removed as it matched a user submitted CSS selector blacklist.

<link rel="dns-prefetch" href="//cdn.potatopro.com"> at line 15
 ACTION TAKEN: link tag matches CSS selector 'link[rel="dns-prefetch"]' and was removed as it matched a user submitted CSS selector blacklist.


AMP-HTML Validation Issues and Fixes
-------------------------------------
FAIL

<html amp> on line 7
- The tag 'html' is disallowed.
   [code: DISALLOWED_TAG  category: DISALLOWED_HTML]
   ACTION TAKEN: html tag was removed due to validation issues.

<head> on line 8
- The tag 'head' is disallowed.
   [code: DISALLOWED_TAG  category: DISALLOWED_HTML]
   ACTION TAKEN: head tag was removed due to validation issues.

<meta charset="utf-8"> on line 9
- The tag 'meta' is disallowed.
   [code: DISALLOWED_TAG  category: DISALLOWED_HTML]
   ACTION TAKEN: meta tag was removed due to validation issues.

<link rel="canonical" href="./regular-html-version.html"> on line 10
- The tag 'link' is disallowed.
   [code: DISALLOWED_TAG  category: DISALLOWED_HTML]
   ACTION TAKEN: link tag was removed due to validation issues.

<meta name="viewport" content="width=device-width,minimum-scale=1"> on line 11
- The tag 'meta' is disallowed.
   [code: DISALLOWED_TAG  category: DISALLOWED_HTML]
   ACTION TAKEN: meta tag was removed due to validation issues.

<style amp-boilerplate> on line 12
- The tag 'style' is disallowed.
   [code: DISALLOWED_TAG  category: DISALLOWED_HTML]
   ACTION TAKEN: style tag was removed due to validation issues.

<noscript> on line 12
- The tag 'noscript' is disallowed.
   [code: DISALLOWED_TAG  category: DISALLOWED_HTML]
   ACTION TAKEN: noscript tag was removed due to validation issues.

<style amp-boilerplate> on line 12
- The tag 'style' is disallowed.
   [code: DISALLOWED_TAG  category: DISALLOWED_HTML]
   ACTION TAKEN: style tag was removed due to validation issues.

<script async src="https://cdn.ampproject.org/v0.js"> on line 13
- The tag 'script' is disallowed.
   [code: DISALLOWED_TAG  category: DISALLOWED_HTML]
   ACTION TAKEN: script tag was removed due to validation issues.

<body> on line 18
- The tag 'body' is disallowed.
   [code: DISALLOWED_TAG  category: DISALLOWED_HTML]
   ACTION TAKEN: body tag was removed due to validation issues.

GLOBAL WARNING
- The mandatory tag 'HTML' is missing or incorrect.
   [code: MANDATORY_TAG_MISSING  category: MANDATORY_AMP_TAG_MISSING_OR_INCORRECT see: https://www.ampproject.org/docs/reference/spec#required-markup]
- The mandatory tag 'HEAD' is missing or incorrect.
   [code: MANDATORY_TAG_MISSING  category: MANDATORY_AMP_TAG_MISSING_OR_INCORRECT see: https://www.ampproject.org/docs/reference/spec#required-markup]
- The mandatory tag 'link rel=canonical' is missing or incorrect.
   [code: MANDATORY_TAG_MISSING  category: MANDATORY_AMP_TAG_MISSING_OR_INCORRECT see: https://www.ampproject.org/docs/reference/spec#required-markup]
- The mandatory tag 'meta charset=utf-8' is missing or incorrect.
   [code: MANDATORY_TAG_MISSING  category: MANDATORY_AMP_TAG_MISSING_OR_INCORRECT see: https://www.ampproject.org/docs/reference/spec#required-markup]
   ACTION TAKEN: meta charset=utf-8 tag was added to the document.
- The mandatory tag 'meta name=viewport' is missing or incorrect.
   [code: MANDATORY_TAG_MISSING  category: MANDATORY_AMP_TAG_MISSING_OR_INCORRECT see: https://www.ampproject.org/docs/reference/spec#required-markup]
   ACTION TAKEN: meta name=viewport tag was added to the document.
- The mandatory tag 'head > style[amp4ads-boilerplate]' is missing or incorrect.
   [code: MANDATORY_TAG_MISSING  category: MANDATORY_AMP_TAG_MISSING_OR_INCORRECT see: https://github.com/ampproject/amphtml/blob/master/extensions/amp-a4a/amp-a4a-format.md#boilerplate]
- The mandatory tag 'head > style[amp4email-boilerplate]' is missing or incorrect.
   [code: MANDATORY_TAG_MISSING  category: MANDATORY_AMP_TAG_MISSING_OR_INCORRECT see: https://github.com/ampproject/amphtml/blob/master/spec/amp-boilerplate.md]
- The mandatory tag 'BODY' is missing or incorrect.
   [code: MANDATORY_TAG_MISSING  category: MANDATORY_AMP_TAG_MISSING_OR_INCORRECT see: https://www.ampproject.org/docs/reference/spec#required-markup]
- The mandatory tag 'amphtml engine v0.js script' is missing or incorrect.
   [code: MANDATORY_TAG_MISSING  category: MANDATORY_AMP_TAG_MISSING_OR_INCORRECT see: https://www.ampproject.org/docs/reference/spec#required-markup]
   ACTION TAKEN: amphtml engine v0.js script tag was added to the document.
- The mandatory tag 'amp4ads engine amp4ads-v0.js script' is missing or incorrect.
   [code: MANDATORY_TAG_MISSING  category: MANDATORY_AMP_TAG_MISSING_OR_INCORRECT see: https://www.ampproject.org/docs/reference/spec#required-markup]
- The mandatory tag 'noscript enclosure for boilerplate' is missing or incorrect.
   [code: MANDATORY_TAG_MISSING  category: MANDATORY_AMP_TAG_MISSING_OR_INCORRECT see: https://github.com/ampproject/amphtml/blob/master/spec/amp-boilerplate.md]
   ACTION TAKEN: noscript tag was added to the document.
- The mandatory tag 'head > style[amp-boilerplate]' is missing or incorrect.
   [code: MANDATORY_TAG_MISSING  category: MANDATORY_AMP_TAG_MISSING_OR_INCORRECT see: https://github.com/ampproject/amphtml/blob/master/spec/amp-boilerplate.md]
   ACTION TAKEN: head > style[amp-boilerplate] tag was added to the document.
- The mandatory tag 'noscript > style[amp-boilerplate]' is missing or incorrect.
   [code: MANDATORY_TAG_MISSING  category: MANDATORY_AMP_TAG_MISSING_OR_INCORRECT see: https://github.com/ampproject/amphtml/blob/master/spec/amp-boilerplate.md]
   ACTION TAKEN: noscript > style[amp-boilerplate] tag was added to the document.

COMPONENT NAMES WITH JS PATH
------------------------------
No custom amp script includes required
