

ORIGINAL HTML
---------------
Line  1: <!--
Line  2:   File: template_test_with_statistics.html
Line  3:   This file is an exact copy of template_test.html except we want to test statistics html comment generation too.
Line  4:   Check the associated template_test_with_statistics.html.options.json file to see statistics being switched on.
Line  5: -->
Line  6: <!doctype html>
Line  7: <html amp>
Line  8: <head>
Line  9:   <meta charset="utf-8">
Line 10:   <link rel="canonical" href="./regular-template_test.html" />
Line 11:   <meta name="viewport" content="width=device-width,minimum-scale=1">
Line 12:   <style amp-boilerplate>body{-webkit-animation:-amp-start 8s steps(1,end) 0s 1 normal both;-moz-animation:-amp-start 8s steps(1,end) 0s 1 normal both;-ms-animation:-amp-start 8s steps(1,end) 0s 1 normal both;animation:-amp-start 8s steps(1,end) 0s 1 normal both}@-webkit-keyframes -amp-start{from{visibility:hidden}to{visibility:visible}}@-moz-keyframes -amp-start{from{visibility:hidden}to{visibility:visible}}@-ms-keyframes -amp-start{from{visibility:hidden}to{visibility:visible}}@-o-keyframes -amp-start{from{visibility:hidden}to{visibility:visible}}@keyframes -amp-start{from{visibility:hidden}to{visibility:visible}}</style><noscript><style amp-boilerplate>body{-webkit-animation:none;-moz-animation:none;-ms-animation:none;animation:none}</style></noscript>
Line 13:   <script async src="https://cdn.ampproject.org/v0.js"></script>
Line 14: </head>
Line 15: <body>
Line 16:   <template type="amp-mustache">
Line 17:     <div>hello {{name}}</div>
Line 18:     <!-- mustache templates are not allowed in attribute names -->
Line 19:     <p data-{{cat}}>Rat</p>
Line 20:     <!-- template partials are not allowed in attribute values and template escapes are not allowed in attribute values -->
Line 21:     <div class="{{>something}}}" id="{{{foo}}}"></div>
Line 22:     <!-- template escapes are not allowed in attribute values -->
Line 23:     <div class="{{{bar}}}"></div>
Line 24:     <!--
Line 25:       template escapes should not be allowed, even in attributes named data-*
Line 26:       See https://github.com/ampproject/amphtml/issues/3460
Line 27:     -->
Line 28:     <div data-anything="{{{bar}}}"></div>
Line 29:     <!--
Line 30:       template partials should not be allowed, even in attributes named data-*
Line 31:       See https://github.com/ampproject/amphtml/issues/3460
Line 32:     -->
Line 33:     <div data-foo="{{ >hat}}"></div>
Line 34:     <!-- valid -->
Line 35:     <div data-something="{{valid}}"></div>
Line 36:   </template>
Line 37: </body>
Line 38: </html>
Line 39: 



AMP-HTML Validation Issues and Fixes
-------------------------------------
FAIL

<html amp> on line 7
- The tag 'html' is disallowed.
   [code: DISALLOWED_TAG  category: DISALLOWED_HTML]
   ACTION TAKEN: html tag was removed due to validation issues.

<head> on line 8
- The tag 'head' is disallowed.
   [code: DISALLOWED_TAG  category: DISALLOWED_HTML]
   ACTION TAKEN: head tag was removed due to validation issues.

<meta charset="utf-8"> on line 9
- The tag 'meta' is disallowed.
   [code: DISALLOWED_TAG  category: DISALLOWED_HTML]
   ACTION TAKEN: meta tag was removed due to validation issues.

<link rel="canonical" href="./regular-template_test.html"> on line 10
- The tag 'link' is disallowed.
   [code: DISALLOWED_TAG  category: DISALLOWED_HTML]
   ACTION TAKEN: link tag was removed due to validation issues.

<meta name="viewport" content="width=device-width,minimum-scale=1"> on line 11
- The tag 'meta' is disallowed.
   [code: DISALLOWED_TAG  category: DISALLOWED_HTML]
   ACTION TAKEN: meta tag was removed due to validation issues.

<style amp-boilerplate> on line 12
- The tag 'style' is disallowed.
   [code: DISALLOWED_TAG  category: DISALLOWED_HTML]
   ACTION TAKEN: style tag was removed due to validation issues.

<noscript> on line 12
- The tag 'noscript' is disallowed.
   [code: DISALLOWED_TAG  category: DISALLOWED_HTML]
   ACTION TAKEN: noscript tag was removed due to validation issues.

<style amp-boilerplate> on line 12
- The tag 'style' is disallowed.
   [code: DISALLOWED_TAG  category: DISALLOWED_HTML]
   ACTION TAKEN: style tag was removed due to validation issues.

<script async src="https://cdn.ampproject.org/v0.js"> on line 13
- The tag 'script' is disallowed.
   [code: DISALLOWED_TAG  category: DISALLOWED_HTML]
   ACTION TAKEN: script tag was removed due to validation issues.

<body> on line 15
- The tag 'body' is disallowed.
   [code: DISALLOWED_TAG  category: DISALLOWED_HTML]
   ACTION TAKEN: body tag was removed due to validation issues.

<template type="amp-mustache"> on line 16
- The tag 'template' is disallowed.
   [code: DISALLOWED_TAG  category: DISALLOWED_HTML]
   ACTION TAKEN: template tag was removed due to validation issues.

<div> on line 17
- The tag 'div' is disallowed.
   [code: DISALLOWED_TAG  category: DISALLOWED_HTML]
   ACTION TAKEN: div tag was removed due to validation issues.

<p> on line 19
- The tag 'p' is disallowed.
   [code: DISALLOWED_TAG  category: DISALLOWED_HTML]
   ACTION TAKEN: p tag was removed due to validation issues.

<div class="{{>something}}}" id="{{{foo}}}"> on line 21
- The tag 'div' is disallowed.
   [code: DISALLOWED_TAG  category: DISALLOWED_HTML]
   ACTION TAKEN: div tag was removed due to validation issues.

<div class="{{{bar}}}"> on line 23
- The tag 'div' is disallowed.
   [code: DISALLOWED_TAG  category: DISALLOWED_HTML]
   ACTION TAKEN: div tag was removed due to validation issues.

<div data-anything="{{{bar}}}"> on line 28
- The tag 'div' is disallowed.
   [code: DISALLOWED_TAG  category: DISALLOWED_HTML]
   ACTION TAKEN: div tag was removed due to validation issues.

<div data-foo="{{ >hat}}"> on line 33
- The tag 'div' is disallowed.
   [code: DISALLOWED_TAG  category: DISALLOWED_HTML]
   ACTION TAKEN: div tag was removed due to validation issues.

<div data-something="{{valid}}"> on line 35
- The tag 'div' is disallowed.
   [code: DISALLOWED_TAG  category: DISALLOWED_HTML]
   ACTION TAKEN: div tag was removed due to validation issues.

GLOBAL WARNING
- Mustache template syntax in attribute name 'data-{{cat}}' in tag 'at location line 19, col 19'.
   [code: TEMPLATE_IN_ATTR_NAME  category: AMP_HTML_TEMPLATE_PROBLEM see: https://www.ampproject.org/docs/reference/components/dynamic/amp-mustache]
- The mandatory tag 'HTML' is missing or incorrect.
   [code: MANDATORY_TAG_MISSING  category: MANDATORY_AMP_TAG_MISSING_OR_INCORRECT see: https://www.ampproject.org/docs/reference/spec#required-markup]
- The mandatory tag 'HEAD' is missing or incorrect.
   [code: MANDATORY_TAG_MISSING  category: MANDATORY_AMP_TAG_MISSING_OR_INCORRECT see: https://www.ampproject.org/docs/reference/spec#required-markup]
- The mandatory tag 'link rel=canonical' is missing or incorrect.
   [code: MANDATORY_TAG_MISSING  category: MANDATORY_AMP_TAG_MISSING_OR_INCORRECT see: https://www.ampproject.org/docs/reference/spec#required-markup]
- The mandatory tag 'meta charset=utf-8' is missing or incorrect.
   [code: MANDATORY_TAG_MISSING  category: MANDATORY_AMP_TAG_MISSING_OR_INCORRECT see: https://www.ampproject.org/docs/reference/spec#required-markup]
   ACTION TAKEN: meta charset=utf-8 tag was added to the document.
- The mandatory tag 'meta name=viewport' is missing or incorrect.
   [code: MANDATORY_TAG_MISSING  category: MANDATORY_AMP_TAG_MISSING_OR_INCORRECT see: https://www.ampproject.org/docs/reference/spec#required-markup]
   ACTION TAKEN: meta name=viewport tag was added to the document.
- The mandatory tag 'head > style[amp4ads-boilerplate]' is missing or incorrect.
   [code: MANDATORY_TAG_MISSING  category: MANDATORY_AMP_TAG_MISSING_OR_INCORRECT see: https://github.com/ampproject/amphtml/blob/master/extensions/amp-a4a/amp-a4a-format.md#boilerplate]
- The mandatory tag 'head > style[amp4email-boilerplate]' is missing or incorrect.
   [code: MANDATORY_TAG_MISSING  category: MANDATORY_AMP_TAG_MISSING_OR_INCORRECT see: https://github.com/ampproject/amphtml/blob/master/spec/amp-boilerplate.md]
- The mandatory tag 'BODY' is missing or incorrect.
   [code: MANDATORY_TAG_MISSING  category: MANDATORY_AMP_TAG_MISSING_OR_INCORRECT see: https://www.ampproject.org/docs/reference/spec#required-markup]
- The mandatory tag 'amphtml engine v0.js script' is missing or incorrect.
   [code: MANDATORY_TAG_MISSING  category: MANDATORY_AMP_TAG_MISSING_OR_INCORRECT see: https://www.ampproject.org/docs/reference/spec#required-markup]
   ACTION TAKEN: amphtml engine v0.js script tag was added to the document.
- The mandatory tag 'amp4ads engine amp4ads-v0.js script' is missing or incorrect.
   [code: MANDATORY_TAG_MISSING  category: MANDATORY_AMP_TAG_MISSING_OR_INCORRECT see: https://www.ampproject.org/docs/reference/spec#required-markup]
- The mandatory tag 'noscript enclosure for boilerplate' is missing or incorrect.
   [code: MANDATORY_TAG_MISSING  category: MANDATORY_AMP_TAG_MISSING_OR_INCORRECT see: https://github.com/ampproject/amphtml/blob/master/spec/amp-boilerplate.md]
   ACTION TAKEN: noscript tag was added to the document.
- The mandatory tag 'head > style[amp-boilerplate]' is missing or incorrect.
   [code: MANDATORY_TAG_MISSING  category: MANDATORY_AMP_TAG_MISSING_OR_INCORRECT see: https://github.com/ampproject/amphtml/blob/master/spec/amp-boilerplate.md]
   ACTION TAKEN: head > style[amp-boilerplate] tag was added to the document.
- The mandatory tag 'noscript > style[amp-boilerplate]' is missing or incorrect.
   [code: MANDATORY_TAG_MISSING  category: MANDATORY_AMP_TAG_MISSING_OR_INCORRECT see: https://github.com/ampproject/amphtml/blob/master/spec/amp-boilerplate.md]
   ACTION TAKEN: noscript > style[amp-boilerplate] tag was added to the document.

COMPONENT NAMES WITH JS PATH
------------------------------
No custom amp script includes required
