

ORIGINAL HTML
---------------
Line  1: <!--
Line  2:   Copyright 2015 The AMP HTML Authors. All Rights Reserved.
Line  3: 
Line  4:   Licensed under the Apache License, Version 2.0 (the "License");
Line  5:   you may not use this file except in compliance with the License.
Line  6:   You may obtain a copy of the License at
Line  7: 
Line  8:       http://www.apache.org/licenses/LICENSE-2.0
Line  9: 
Line 10:   Unless required by applicable law or agreed to in writing, software
Line 11:   distributed under the License is distributed on an "AS-IS" BASIS,
Line 12:   WITHOUT WARRANTIES OR CONDITIONS OF ANY KIND, either express or implied.
Line 13:   See the License for the specific language governing permissions and
Line 14:   limitations under the license.
Line 15: -->
Line 16: <!--
Line 17:   Test Description:
Line 18:   This tests validation for the amp-vimeo tag.
Line 19: -->
Line 20: <!doctype html>
Line 21: <html âš¡>
Line 22: <head>
Line 23:     <meta charset="utf-8">
Line 24:     <title>Vimeo examples</title>
Line 25:     <link rel="canonical" href="amps.html">
Line 26:     <meta name="viewport" content="width=device-width,minimum-scale=1,initial-scale=1">
Line 27:     <link href="https://fonts.googleapis.com/css?family=Questrial" rel="stylesheet" type="text/css">
Line 28:     <script async custom-element="amp-vimeo" src="https://cdn.ampproject.org/v0/amp-vimeo-0.1.js"></script>
Line 29:      <style amp-boilerplate>body{-webkit-animation:-amp-start 8s steps(1,end) 0s 1 normal both;-moz-animation:-amp-start 8s steps(1,end) 0s 1 normal both;-ms-animation:-amp-start 8s steps(1,end) 0s 1 normal both;animation:-amp-start 8s steps(1,end) 0s 1 normal both}@-webkit-keyframes -amp-start{from{visibility:hidden}to{visibility:visible}}@-moz-keyframes -amp-start{from{visibility:hidden}to{visibility:visible}}@-ms-keyframes -amp-start{from{visibility:hidden}to{visibility:visible}}@-o-keyframes -amp-start{from{visibility:hidden}to{visibility:visible}}@keyframes -amp-start{from{visibility:hidden}to{visibility:visible}}</style><noscript><style amp-boilerplate>body{-webkit-animation:none;-moz-animation:none;-ms-animation:none;animation:none}</style></noscript>
Line 30:     <script async src="https://cdn.ampproject.org/v0.js"></script>
Line 31: </head>
Line 32: <body>
Line 33: <h2>Vimeo</h2>
Line 34: 
Line 35: <!-- valid -->
Line 36: <amp-vimeo data-videoid="27246366" width="500" height="281"></amp-vimeo>
Line 37: 
Line 38: <!-- valid -->
Line 39: <amp-vimeo data-videoid="27246366" width="500" height="281" layout="responsive" noloading></amp-vimeo>
Line 40: 
Line 41: <!-- valid -->
Line 42: <amp-vimeo data-videoid="27246366" width="500" height="281" layout="responsive" noloading="noloading"></amp-vimeo>
Line 43: 
Line 44: <!-- invalid videoid -->
Line 45: <amp-vimeo data-videoid="i don't think so" width="500" height="281" layout="responsive"></amp-vimeo>
Line 46: 
Line 47: <!-- videoid missing -->
Line 48: <amp-vimeo width="500" height="281" layout="responsive"></amp-vimeo>
Line 49: 
Line 50: <!-- noloading must not have a value other than "" or noloading-->
Line 51: <amp-vimeo width="500" height="281" layout="responsive" noloading="foo"></amp-vimeo>
Line 52: </body>
Line 53: </html>
Line 54: 



AMP-HTML Validation Issues and Fixes
-------------------------------------
FAIL

<html amp> on line 21
- The tag 'html' is disallowed.
   [code: DISALLOWED_TAG  category: DISALLOWED_HTML]
   ACTION TAKEN: html tag was removed due to validation issues.

<head> on line 22
- The tag 'head' is disallowed.
   [code: DISALLOWED_TAG  category: DISALLOWED_HTML]
   ACTION TAKEN: head tag was removed due to validation issues.

<meta charset="utf-8"> on line 23
- The tag 'meta' is disallowed.
   [code: DISALLOWED_TAG  category: DISALLOWED_HTML]
   ACTION TAKEN: meta tag was removed due to validation issues.

<title> on line 24
- The tag 'title' is disallowed.
   [code: DISALLOWED_TAG  category: DISALLOWED_HTML]
   ACTION TAKEN: title tag was removed due to validation issues.

<link rel="canonical" href="amps.html"> on line 25
- The tag 'link' is disallowed.
   [code: DISALLOWED_TAG  category: DISALLOWED_HTML]
   ACTION TAKEN: link tag was removed due to validation issues.

<meta name="viewport" content="width=device-width,minimum-scale=1,initial-scale=1"> on line 26
- The tag 'meta' is disallowed.
   [code: DISALLOWED_TAG  category: DISALLOWED_HTML]
   ACTION TAKEN: meta tag was removed due to validation issues.

<link href="https://fonts.googleapis.com/css?family=Questrial" rel="stylesheet" type="text/css"> on line 27
- The tag 'link' is disallowed.
   [code: DISALLOWED_TAG  category: DISALLOWED_HTML]
   ACTION TAKEN: link tag was removed due to validation issues.

<script async custom-element="amp-vimeo" src="https://cdn.ampproject.org/v0/amp-vimeo-0.1.js"> on line 28
- The tag 'script' is disallowed.
   [code: DISALLOWED_TAG  category: DISALLOWED_HTML]
   ACTION TAKEN: script tag was removed due to validation issues.

<style amp-boilerplate> on line 29
- The tag 'style' is disallowed.
   [code: DISALLOWED_TAG  category: DISALLOWED_HTML]
   ACTION TAKEN: style tag was removed due to validation issues.

<noscript> on line 29
- The tag 'noscript' is disallowed.
   [code: DISALLOWED_TAG  category: DISALLOWED_HTML]
   ACTION TAKEN: noscript tag was removed due to validation issues.

<style amp-boilerplate> on line 29
- The tag 'style' is disallowed.
   [code: DISALLOWED_TAG  category: DISALLOWED_HTML]
   ACTION TAKEN: style tag was removed due to validation issues.

<script async src="https://cdn.ampproject.org/v0.js"> on line 30
- The tag 'script' is disallowed.
   [code: DISALLOWED_TAG  category: DISALLOWED_HTML]
   ACTION TAKEN: script tag was removed due to validation issues.

<body> on line 32
- The tag 'body' is disallowed.
   [code: DISALLOWED_TAG  category: DISALLOWED_HTML]
   ACTION TAKEN: body tag was removed due to validation issues.

<h2> on line 33
- The tag 'h2' is disallowed.
   [code: DISALLOWED_TAG  category: DISALLOWED_HTML]
   ACTION TAKEN: h2 tag was removed due to validation issues.

<amp-vimeo data-videoid="27246366" width="500" height="281"> on line 36
- The tag 'amp-vimeo' is disallowed.
   [code: DISALLOWED_TAG  category: DISALLOWED_HTML]
   ACTION TAKEN: amp-vimeo tag was removed due to validation issues.

<amp-vimeo data-videoid="27246366" width="500" height="281" layout="responsive" noloading> on line 39
- The tag 'amp-vimeo' is disallowed.
   [code: DISALLOWED_TAG  category: DISALLOWED_HTML]
   ACTION TAKEN: amp-vimeo tag was removed due to validation issues.

<amp-vimeo data-videoid="27246366" width="500" height="281" layout="responsive" noloading="noloading"> on line 42
- The tag 'amp-vimeo' is disallowed.
   [code: DISALLOWED_TAG  category: DISALLOWED_HTML]
   ACTION TAKEN: amp-vimeo tag was removed due to validation issues.

<amp-vimeo data-videoid="i don't think so" width="500" height="281" layout="responsive"> on line 45
- The tag 'amp-vimeo' is disallowed.
   [code: DISALLOWED_TAG  category: DISALLOWED_HTML]
   ACTION TAKEN: amp-vimeo tag was removed due to validation issues.

<amp-vimeo width="500" height="281" layout="responsive"> on line 48
- The tag 'amp-vimeo' is disallowed.
   [code: DISALLOWED_TAG  category: DISALLOWED_HTML]
   ACTION TAKEN: amp-vimeo tag was removed due to validation issues.

<amp-vimeo width="500" height="281" layout="responsive" noloading="foo"> on line 51
- The tag 'amp-vimeo' is disallowed.
   [code: DISALLOWED_TAG  category: DISALLOWED_HTML]
   ACTION TAKEN: amp-vimeo tag was removed due to validation issues.

GLOBAL WARNING
- The mandatory tag 'HTML' is missing or incorrect.
   [code: MANDATORY_TAG_MISSING  category: MANDATORY_AMP_TAG_MISSING_OR_INCORRECT see: https://www.ampproject.org/docs/reference/spec#required-markup]
- The mandatory tag 'HEAD' is missing or incorrect.
   [code: MANDATORY_TAG_MISSING  category: MANDATORY_AMP_TAG_MISSING_OR_INCORRECT see: https://www.ampproject.org/docs/reference/spec#required-markup]
- The mandatory tag 'link rel=canonical' is missing or incorrect.
   [code: MANDATORY_TAG_MISSING  category: MANDATORY_AMP_TAG_MISSING_OR_INCORRECT see: https://www.ampproject.org/docs/reference/spec#required-markup]
- The mandatory tag 'meta charset=utf-8' is missing or incorrect.
   [code: MANDATORY_TAG_MISSING  category: MANDATORY_AMP_TAG_MISSING_OR_INCORRECT see: https://www.ampproject.org/docs/reference/spec#required-markup]
   ACTION TAKEN: meta charset=utf-8 tag was added to the document.
- The mandatory tag 'meta name=viewport' is missing or incorrect.
   [code: MANDATORY_TAG_MISSING  category: MANDATORY_AMP_TAG_MISSING_OR_INCORRECT see: https://www.ampproject.org/docs/reference/spec#required-markup]
   ACTION TAKEN: meta name=viewport tag was added to the document.
- The mandatory tag 'head > style[amp4ads-boilerplate]' is missing or incorrect.
   [code: MANDATORY_TAG_MISSING  category: MANDATORY_AMP_TAG_MISSING_OR_INCORRECT see: https://github.com/ampproject/amphtml/blob/master/extensions/amp-a4a/amp-a4a-format.md#boilerplate]
- The mandatory tag 'head > style[amp4email-boilerplate]' is missing or incorrect.
   [code: MANDATORY_TAG_MISSING  category: MANDATORY_AMP_TAG_MISSING_OR_INCORRECT see: https://github.com/ampproject/amphtml/blob/master/spec/amp-boilerplate.md]
- The mandatory tag 'BODY' is missing or incorrect.
   [code: MANDATORY_TAG_MISSING  category: MANDATORY_AMP_TAG_MISSING_OR_INCORRECT see: https://www.ampproject.org/docs/reference/spec#required-markup]
- The mandatory tag 'amphtml engine v0.js script' is missing or incorrect.
   [code: MANDATORY_TAG_MISSING  category: MANDATORY_AMP_TAG_MISSING_OR_INCORRECT see: https://www.ampproject.org/docs/reference/spec#required-markup]
   ACTION TAKEN: amphtml engine v0.js script tag was added to the document.
- The mandatory tag 'amp4ads engine amp4ads-v0.js script' is missing or incorrect.
   [code: MANDATORY_TAG_MISSING  category: MANDATORY_AMP_TAG_MISSING_OR_INCORRECT see: https://www.ampproject.org/docs/reference/spec#required-markup]
- The mandatory tag 'noscript enclosure for boilerplate' is missing or incorrect.
   [code: MANDATORY_TAG_MISSING  category: MANDATORY_AMP_TAG_MISSING_OR_INCORRECT see: https://github.com/ampproject/amphtml/blob/master/spec/amp-boilerplate.md]
   ACTION TAKEN: noscript tag was added to the document.
- The mandatory tag 'head > style[amp-boilerplate]' is missing or incorrect.
   [code: MANDATORY_TAG_MISSING  category: MANDATORY_AMP_TAG_MISSING_OR_INCORRECT see: https://github.com/ampproject/amphtml/blob/master/spec/amp-boilerplate.md]
   ACTION TAKEN: head > style[amp-boilerplate] tag was added to the document.
- The mandatory tag 'noscript > style[amp-boilerplate]' is missing or incorrect.
   [code: MANDATORY_TAG_MISSING  category: MANDATORY_AMP_TAG_MISSING_OR_INCORRECT see: https://github.com/ampproject/amphtml/blob/master/spec/amp-boilerplate.md]
   ACTION TAKEN: noscript > style[amp-boilerplate] tag was added to the document.

COMPONENT NAMES WITH JS PATH
------------------------------
No custom amp script includes required
