

ORIGINAL HTML
---------------
Line  1: <!--
Line  2:   Copyright 2015 The AMP HTML Authors. All Rights Reserved.
Line  3: 
Line  4:   Licensed under the Apache License, Version 2.0 (the "License");
Line  5:   you may not use this file except in compliance with the License.
Line  6:   You may obtain a copy of the License at
Line  7: 
Line  8:       http://www.apache.org/licenses/LICENSE-2.0
Line  9: 
Line 10:   Unless required by applicable law or agreed to in writing, software
Line 11:   distributed under the License is distributed on an "AS-IS" BASIS,
Line 12:   WITHOUT WARRANTIES OR CONDITIONS OF ANY KIND, either express or implied.
Line 13:   See the License for the specific language governing permissions and
Line 14:   limitations under the license.
Line 15: -->
Line 16: <!--
Line 17:   Test Description:
Line 18:   This tests validation for the amp-soundcloud tag.
Line 19: -->
Line 20: <!doctype html>
Line 21: <html âš¡>
Line 22: <head>
Line 23:     <meta charset="utf-8">
Line 24:     <link rel="canonical" href="amps.html">
Line 25:     <meta name="viewport" content="width=device-width,minimum-scale=1,initial-scale=1">
Line 26:     <link href="https://fonts.googleapis.com/css?family=Questrial" rel="stylesheet" type="text/css">
Line 27:     <script async custom-element="amp-soundcloud" src="https://cdn.ampproject.org/v0/amp-soundcloud-0.1.js"></script>
Line 28:      <style amp-boilerplate>body{-webkit-animation:-amp-start 8s steps(1,end) 0s 1 normal both;-moz-animation:-amp-start 8s steps(1,end) 0s 1 normal both;-ms-animation:-amp-start 8s steps(1,end) 0s 1 normal both;animation:-amp-start 8s steps(1,end) 0s 1 normal both}@-webkit-keyframes -amp-start{from{visibility:hidden}to{visibility:visible}}@-moz-keyframes -amp-start{from{visibility:hidden}to{visibility:visible}}@-ms-keyframes -amp-start{from{visibility:hidden}to{visibility:visible}}@-o-keyframes -amp-start{from{visibility:hidden}to{visibility:visible}}@keyframes -amp-start{from{visibility:hidden}to{visibility:visible}}</style><noscript><style amp-boilerplate>body{-webkit-animation:none;-moz-animation:none;-ms-animation:none;animation:none}</style></noscript>
Line 29:     <script async src="https://cdn.ampproject.org/v0.js"></script>
Line 30: </head>
Line 31: <body>
Line 32:   <!-- valid: classic mode -->
Line 33:   <amp-soundcloud height=166 data-trackid="243169232" data-color="ff5500"
Line 34:                   layout="fixed-height"></amp-soundcloud>
Line 35:   <!-- valid: visual mode -->
Line 36:   <amp-soundcloud height=166 data-trackid="243169232" data-visual="true"
Line 37:                   layout="fixed-height"></amp-soundcloud>
Line 38:   <!-- invalid: visual mode must be 'true' or 'false'-->
Line 39:   <amp-soundcloud height=166 data-trackid="243169232" data-visual
Line 40:                   layout="fixed-height"></amp-soundcloud>
Line 41:   <!-- invalid: bad trackid-->
Line 42:   <amp-soundcloud height=166 data-trackid="mahler_number_6.ogg" data-visual="false"
Line 43:                   layout="fixed-height"></amp-soundcloud>
Line 44:   <!-- invalid: bad layout -->
Line 45:   <amp-soundcloud height=166 width=42 data-trackid="243169232" data-visual="true"
Line 46:                   layout="responsive"></amp-soundcloud>
Line 47:   <!-- valid: classic mode with three letter color -->
Line 48:   <amp-soundcloud height=166 data-trackid="243169232" data-color="fff"
Line 49:                   layout="fixed-height"></amp-soundcloud>
Line 50: </body>
Line 51: </html>
Line 52: 



AMP-HTML Validation Issues and Fixes
-------------------------------------
FAIL

<html amp> on line 21
- The tag 'html' is disallowed.
   [code: DISALLOWED_TAG  category: DISALLOWED_HTML]
   ACTION TAKEN: html tag was removed due to validation issues.

<head> on line 22
- The tag 'head' is disallowed.
   [code: DISALLOWED_TAG  category: DISALLOWED_HTML]
   ACTION TAKEN: head tag was removed due to validation issues.

<meta charset="utf-8"> on line 23
- The tag 'meta' is disallowed.
   [code: DISALLOWED_TAG  category: DISALLOWED_HTML]
   ACTION TAKEN: meta tag was removed due to validation issues.

<link rel="canonical" href="amps.html"> on line 24
- The tag 'link' is disallowed.
   [code: DISALLOWED_TAG  category: DISALLOWED_HTML]
   ACTION TAKEN: link tag was removed due to validation issues.

<meta name="viewport" content="width=device-width,minimum-scale=1,initial-scale=1"> on line 25
- The tag 'meta' is disallowed.
   [code: DISALLOWED_TAG  category: DISALLOWED_HTML]
   ACTION TAKEN: meta tag was removed due to validation issues.

<link href="https://fonts.googleapis.com/css?family=Questrial" rel="stylesheet" type="text/css"> on line 26
- The tag 'link' is disallowed.
   [code: DISALLOWED_TAG  category: DISALLOWED_HTML]
   ACTION TAKEN: link tag was removed due to validation issues.

<script async custom-element="amp-soundcloud" src="https://cdn.ampproject.org/v0/amp-soundcloud-0.1.js"> on line 27
- The tag 'script' is disallowed.
   [code: DISALLOWED_TAG  category: DISALLOWED_HTML]
   ACTION TAKEN: script tag was removed due to validation issues.

<style amp-boilerplate> on line 28
- The tag 'style' is disallowed.
   [code: DISALLOWED_TAG  category: DISALLOWED_HTML]
   ACTION TAKEN: style tag was removed due to validation issues.

<noscript> on line 28
- The tag 'noscript' is disallowed.
   [code: DISALLOWED_TAG  category: DISALLOWED_HTML]
   ACTION TAKEN: noscript tag was removed due to validation issues.

<style amp-boilerplate> on line 28
- The tag 'style' is disallowed.
   [code: DISALLOWED_TAG  category: DISALLOWED_HTML]
   ACTION TAKEN: style tag was removed due to validation issues.

<script async src="https://cdn.ampproject.org/v0.js"> on line 29
- The tag 'script' is disallowed.
   [code: DISALLOWED_TAG  category: DISALLOWED_HTML]
   ACTION TAKEN: script tag was removed due to validation issues.

<body> on line 31
- The tag 'body' is disallowed.
   [code: DISALLOWED_TAG  category: DISALLOWED_HTML]
   ACTION TAKEN: body tag was removed due to validation issues.

<amp-soundcloud height="166" data-trackid="243169232" data-color="ff5500" layout="fixed-height"> on line 34
- The tag 'amp-soundcloud' is disallowed.
   [code: DISALLOWED_TAG  category: DISALLOWED_HTML]
   ACTION TAKEN: amp-soundcloud tag was removed due to validation issues.

<amp-soundcloud height="166" data-trackid="243169232" data-visual="true" layout="fixed-height"> on line 37
- The tag 'amp-soundcloud' is disallowed.
   [code: DISALLOWED_TAG  category: DISALLOWED_HTML]
   ACTION TAKEN: amp-soundcloud tag was removed due to validation issues.

<amp-soundcloud height="166" data-trackid="243169232" data-visual layout="fixed-height"> on line 40
- The tag 'amp-soundcloud' is disallowed.
   [code: DISALLOWED_TAG  category: DISALLOWED_HTML]
   ACTION TAKEN: amp-soundcloud tag was removed due to validation issues.

<amp-soundcloud height="166" data-trackid="mahler_number_6.ogg" data-visual="false" layout="fixed-height"> on line 43
- The tag 'amp-soundcloud' is disallowed.
   [code: DISALLOWED_TAG  category: DISALLOWED_HTML]
   ACTION TAKEN: amp-soundcloud tag was removed due to validation issues.

<amp-soundcloud height="166" width="42" data-trackid="243169232" data-visual="true" layout="responsive"> on line 46
- The tag 'amp-soundcloud' is disallowed.
   [code: DISALLOWED_TAG  category: DISALLOWED_HTML]
   ACTION TAKEN: amp-soundcloud tag was removed due to validation issues.

<amp-soundcloud height="166" data-trackid="243169232" data-color="fff" layout="fixed-height"> on line 49
- The tag 'amp-soundcloud' is disallowed.
   [code: DISALLOWED_TAG  category: DISALLOWED_HTML]
   ACTION TAKEN: amp-soundcloud tag was removed due to validation issues.

GLOBAL WARNING
- The mandatory tag 'HTML' is missing or incorrect.
   [code: MANDATORY_TAG_MISSING  category: MANDATORY_AMP_TAG_MISSING_OR_INCORRECT see: https://www.ampproject.org/docs/reference/spec#required-markup]
- The mandatory tag 'HEAD' is missing or incorrect.
   [code: MANDATORY_TAG_MISSING  category: MANDATORY_AMP_TAG_MISSING_OR_INCORRECT see: https://www.ampproject.org/docs/reference/spec#required-markup]
- The mandatory tag 'link rel=canonical' is missing or incorrect.
   [code: MANDATORY_TAG_MISSING  category: MANDATORY_AMP_TAG_MISSING_OR_INCORRECT see: https://www.ampproject.org/docs/reference/spec#required-markup]
- The mandatory tag 'meta charset=utf-8' is missing or incorrect.
   [code: MANDATORY_TAG_MISSING  category: MANDATORY_AMP_TAG_MISSING_OR_INCORRECT see: https://www.ampproject.org/docs/reference/spec#required-markup]
   ACTION TAKEN: meta charset=utf-8 tag was added to the document.
- The mandatory tag 'meta name=viewport' is missing or incorrect.
   [code: MANDATORY_TAG_MISSING  category: MANDATORY_AMP_TAG_MISSING_OR_INCORRECT see: https://www.ampproject.org/docs/reference/spec#required-markup]
   ACTION TAKEN: meta name=viewport tag was added to the document.
- The mandatory tag 'head > style[amp4ads-boilerplate]' is missing or incorrect.
   [code: MANDATORY_TAG_MISSING  category: MANDATORY_AMP_TAG_MISSING_OR_INCORRECT see: https://github.com/ampproject/amphtml/blob/master/extensions/amp-a4a/amp-a4a-format.md#boilerplate]
- The mandatory tag 'head > style[amp4email-boilerplate]' is missing or incorrect.
   [code: MANDATORY_TAG_MISSING  category: MANDATORY_AMP_TAG_MISSING_OR_INCORRECT see: https://github.com/ampproject/amphtml/blob/master/spec/amp-boilerplate.md]
- The mandatory tag 'BODY' is missing or incorrect.
   [code: MANDATORY_TAG_MISSING  category: MANDATORY_AMP_TAG_MISSING_OR_INCORRECT see: https://www.ampproject.org/docs/reference/spec#required-markup]
- The mandatory tag 'amphtml engine v0.js script' is missing or incorrect.
   [code: MANDATORY_TAG_MISSING  category: MANDATORY_AMP_TAG_MISSING_OR_INCORRECT see: https://www.ampproject.org/docs/reference/spec#required-markup]
   ACTION TAKEN: amphtml engine v0.js script tag was added to the document.
- The mandatory tag 'amp4ads engine amp4ads-v0.js script' is missing or incorrect.
   [code: MANDATORY_TAG_MISSING  category: MANDATORY_AMP_TAG_MISSING_OR_INCORRECT see: https://www.ampproject.org/docs/reference/spec#required-markup]
- The mandatory tag 'noscript enclosure for boilerplate' is missing or incorrect.
   [code: MANDATORY_TAG_MISSING  category: MANDATORY_AMP_TAG_MISSING_OR_INCORRECT see: https://github.com/ampproject/amphtml/blob/master/spec/amp-boilerplate.md]
   ACTION TAKEN: noscript tag was added to the document.
- The mandatory tag 'head > style[amp-boilerplate]' is missing or incorrect.
   [code: MANDATORY_TAG_MISSING  category: MANDATORY_AMP_TAG_MISSING_OR_INCORRECT see: https://github.com/ampproject/amphtml/blob/master/spec/amp-boilerplate.md]
   ACTION TAKEN: head > style[amp-boilerplate] tag was added to the document.
- The mandatory tag 'noscript > style[amp-boilerplate]' is missing or incorrect.
   [code: MANDATORY_TAG_MISSING  category: MANDATORY_AMP_TAG_MISSING_OR_INCORRECT see: https://github.com/ampproject/amphtml/blob/master/spec/amp-boilerplate.md]
   ACTION TAKEN: noscript > style[amp-boilerplate] tag was added to the document.

COMPONENT NAMES WITH JS PATH
------------------------------
No custom amp script includes required
