


ORIGINAL HTML
---------------
Line  1: <audio controls autoplay>
Line  2:     <source src="//example.dd:8088/sites/default/files/drums.mp3" type="audio/mpeg">
Line  3:     <source src="http://example.dd:8088/sites/default/files/drums.ogg" type="audio/ogg">
Line  4:     <source src="https://example.dd:8088/sites/default/files/drums.wav" type="audio/wav">
Line  5:     <track kind="captions" src="//example.dd:8088/sites/default/files/drums.en.vtt" srclang="en" label="English">
Line  6:     <track kind="captions" src="https://example.dd:8088/sites/default/files/drums.hi.vtt" srclang="hi" label="Hindi">
Line  7:     <div>Your browser does not support the <strong>audio</strong> tag</div>
Line  8:     <p>Try using recent versions of Google Chrome or Firefox</p>
Line  9: </audio>
Line 10: 


Transformations made from HTML tags to AMP custom tags
-------------------------------------------------------

<audio controls autoplay> at line 1
 ACTION TAKEN: audio tag was converted to the amp-audio tag.


AMP-HTML Validation Issues and Fixes
-------------------------------------
FAIL

<div fallback> on line 0
- The tag 'div' is disallowed.
   [code: DISALLOWED_TAG  category: DISALLOWED_HTML]
   ACTION TAKEN: div tag was removed due to validation issues.

<amp-audio controls autoplay> on line 1
- The tag 'amp-audio' is disallowed.
   [code: DISALLOWED_TAG  category: DISALLOWED_HTML]
   ACTION TAKEN: amp-audio tag was removed due to validation issues.

<source src="//example.dd:8088/sites/default/files/drums.mp3" type="audio/mpeg"> on line 2
- The tag 'source' is disallowed.
   [code: DISALLOWED_TAG  category: DISALLOWED_HTML]
   ACTION TAKEN: source tag was removed due to validation issues.

<source src="http://example.dd:8088/sites/default/files/drums.ogg" type="audio/ogg"> on line 3
- The tag 'source' is disallowed.
   [code: DISALLOWED_TAG  category: DISALLOWED_HTML]
   ACTION TAKEN: source tag was removed due to validation issues.

<source src="https://example.dd:8088/sites/default/files/drums.wav" type="audio/wav"> on line 4
- The tag 'source' is disallowed.
   [code: DISALLOWED_TAG  category: DISALLOWED_HTML]
   ACTION TAKEN: source tag was removed due to validation issues.

<track kind="captions" src="//example.dd:8088/sites/default/files/drums.en.vtt" srclang="en" label="English"> on line 5
- The tag 'track' is disallowed.
   [code: DISALLOWED_TAG  category: DISALLOWED_HTML]
   ACTION TAKEN: track tag was removed due to validation issues.

<track kind="captions" src="https://example.dd:8088/sites/default/files/drums.hi.vtt" srclang="hi" label="Hindi"> on line 6
- The tag 'track' is disallowed.
   [code: DISALLOWED_TAG  category: DISALLOWED_HTML]
   ACTION TAKEN: track tag was removed due to validation issues.

<div> on line 7
- The tag 'div' is disallowed.
   [code: DISALLOWED_TAG  category: DISALLOWED_HTML]
   ACTION TAKEN: div tag was removed due to validation issues.

<strong> on line 7
- The tag 'strong' is disallowed.
   [code: DISALLOWED_TAG  category: DISALLOWED_HTML]
   ACTION TAKEN: strong tag was removed due to validation issues.

<p> on line 8
- The tag 'p' is disallowed.
   [code: DISALLOWED_TAG  category: DISALLOWED_HTML]
   ACTION TAKEN: p tag was removed due to validation issues.

COMPONENT NAMES WITH JS PATH
------------------------------
No custom amp script includes required
