<p><a>Run</a></p>
<p><a href="http://www.cnn.com">CNN</a></p>
<!-- this image is in the public domain. https://commons.wikimedia.org/wiki/File:"Birdcatcher"_with_jockey_up.jpg -->
<amp-img src="https://upload.wikimedia.org/wikipedia/commons/e/ee/%22Birdcatcher%22_with_jockey_up.jpg" width="625" height="480" layout="responsive"></amp-img>
<p><a href="http://www.bbcnews.com" target="_blank">BBC</a></p>
<p><input type="submit" value="submit"></p>
<p>This is a <!-- test comment -->sample </p><div>sample</div> paragraph
<amp-iframe sandbox="allow-scripts allow-same-origin" layout="responsive" height="315" width="560" src="https://www.reddit.com"></amp-iframe>




ORIGINAL HTML
---------------
Line  1: <p><a style="color: red;" href="javascript:run();">Run</a></p>
Line  2: <p><a style="margin: 2px;" href="http://www.cnn.com" target="_parent">CNN</a></p>
Line  3: <!-- this image is in the public domain. https://commons.wikimedia.org/wiki/File:"Birdcatcher"_with_jockey_up.jpg -->
Line  4: <img src="https://upload.wikimedia.org/wikipedia/commons/e/ee/%22Birdcatcher%22_with_jockey_up.jpg">
Line  5: <p><a href="http://www.bbcnews.com" target="_blank">BBC</a></p>
Line  6: <p><INPUT type="submit" value="submit"></p>
Line  7: <p>This is a <!-- test comment -->sample <div onmouseover="hello();">sample</div> paragraph</p>
Line  8: <iframe src="https://www.reddit.com"></iframe>
Line  9: <script src="https://ajax.googleapis.com/ajax/libs/jquery/1.12.0/jquery.min.js"></script>
Line 10: <style></style>
Line 11: 


Transformations made from HTML tags to AMP custom tags
-------------------------------------------------------

<img src="https://upload.wikimedia.org/wikipedia/commons/e/ee/%22Birdcatcher%22_with_jockey_up.jpg"> at line 4
 ACTION TAKEN: img tag was converted to the amp-img tag.

<iframe src="https://www.reddit.com"> at line 8
 ACTION TAKEN: iframe tag was converted to the amp-iframe tag.


AMP-HTML Validation Issues and Fixes
-------------------------------------
FAIL

<a style="color: red;" href="javascript:run();"> on line 1
- The attribute 'style' may not appear in tag 'a'.
   [code: DISALLOWED_ATTR  category: DISALLOWED_HTML]
   ACTION TAKEN: a.style attribute was removed due to validation issues.
- Invalid URL protocol 'javascript:' for attribute 'href' in tag 'a'.
   [code: INVALID_URL_PROTOCOL  category: DISALLOWED_HTML]
   ACTION TAKEN: a.href attribute was removed due to validation issues.

<a style="margin: 2px;" href="http://www.cnn.com" target="_parent"> on line 2
- The attribute 'style' may not appear in tag 'a'.
   [code: DISALLOWED_ATTR  category: DISALLOWED_HTML]
   ACTION TAKEN: a.style attribute was removed due to validation issues.
- The attribute 'target' in tag 'a' is set to the invalid value '_parent'.
   [code: INVALID_ATTR_VALUE  category: DISALLOWED_HTML]
   ACTION TAKEN: a.target attribute was removed due to validation issues.

<div onmouseover="hello();"> on line 7
- The attribute 'onmouseover' may not appear in tag 'div'.
   [code: DISALLOWED_ATTR  category: DISALLOWED_HTML]
   ACTION TAKEN: div.onmouseover attribute was removed due to validation issues.

<script src="https://ajax.googleapis.com/ajax/libs/jquery/1.12.0/jquery.min.js"> on line 9
- The tag 'script' is disallowed except in specific forms.
   [code: GENERAL_DISALLOWED_TAG  category: CUSTOM_JAVASCRIPT_DISALLOWED]
   ACTION TAKEN: script tag was removed due to validation issues.

<style> on line 10
- The parent tag of tag 'style' is 'body', but it can only be 'head'.
   [code: WRONG_PARENT_TAG  category: DISALLOWED_HTML see: https://github.com/ampproject/amphtml/blob/master/spec/amp-boilerplate.md]
   ACTION TAKEN: style tag was removed due to validation issues.

COMPONENT NAMES WITH JS PATH
------------------------------
'amp-iframe', include path 'https://cdn.ampproject.org/v0/amp-iframe-0.1.js'

