<!-- normal twitter embed using 'status' -->


<!-- normal twitter embed using 'statuses' -->




ORIGINAL HTML
---------------
Line  1: <!-- normal twitter embed using 'status' -->
Line  2: <blockquote data-cards="hidden" class="twitter-tweet" data-lang="en"><p lang="en" dir="ltr">Lorraine and I had an amazing time at the <a
Line  3:         href="https://twitter.com/hashtag/Oscars?src=hash">#Oscars</a>! Congrats to all of the nominees on a job
Line  4:     well-done! <a href="https://t.co/xyrO7kQBzH">pic.twitter.com/xyrO7kQBzH</a></p>&mdash; Andy Serkis (@andyserkis) <a
Line  5:         href="https://twitter.com/andyserkis/status/704420904437043200">February 29, 2016</a></blockquote>
Line  6: <script async src="//platform.twitter.com/widgets.js" charset="utf-8"></script>
Line  7: <!-- normal twitter embed using 'statuses' -->
Line  8: <blockquote data-cards="hidden" class="twitter-tweet" data-lang="en"><p lang="en" dir="ltr">Lorraine and I had an amazing time at the <a
Line  9:         href="https://twitter.com/hashtag/Oscars?src=hash">#Oscars</a>! Congrats to all of the nominees on a job
Line 10:     well-done! <a href="https://t.co/xyrO7kQBzH">pic.twitter.com/xyrO7kQBzH</a></p>&mdash; Andy Serkis (@andyserkis) <a
Line 11:         href="https://twitter.com/andyserkis/statuses/704420904437043200">February 29, 2016</a></blockquote>
Line 12: <script async src="//platform.twitter.com/widgets.js" charset="utf-8"></script>
Line 13: 


Transformations made from HTML tags to AMP custom tags
-------------------------------------------------------

<blockquote data-cards="hidden" class="twitter-tweet" data-lang="en"> at line 2
 ACTION TAKEN: blockquote.twitter-tweet (with twitter script tag) twitter embed code was converted to the amp-twitter tag.

<blockquote data-cards="hidden" class="twitter-tweet" data-lang="en"> at line 8
 ACTION TAKEN: blockquote.twitter-tweet (with twitter script tag) twitter embed code was converted to the amp-twitter tag.


AMP-HTML Validation Issues and Fixes
-------------------------------------
FAIL

<amp-twitter data-cards="hidden" data-lang="en" height="223" width="486" layout="responsive" data-tweetid="704420904437043200"> on line 2
- The tag 'amp-twitter' is disallowed.
   [code: DISALLOWED_TAG  category: DISALLOWED_HTML]
   ACTION TAKEN: amp-twitter tag was removed due to validation issues.

<amp-twitter data-cards="hidden" data-lang="en" height="223" width="486" layout="responsive" data-tweetid="704420904437043200"> on line 8
- The tag 'amp-twitter' is disallowed.
   [code: DISALLOWED_TAG  category: DISALLOWED_HTML]
   ACTION TAKEN: amp-twitter tag was removed due to validation issues.

COMPONENT NAMES WITH JS PATH
------------------------------
No custom amp script includes required
