



ORIGINAL HTML
---------------
Line 1: <iframe src="https://vine.co/v/ixtpg1zrLQt/embed/simple" width="600" height="600" frameborder="0"></iframe>
Line 2: <script src="https://platform.vine.co/static/scripts/embed.js"></script>
Line 3: 


Transformations made from HTML tags to AMP custom tags
-------------------------------------------------------

<iframe src="https://vine.co/v/ixtpg1zrLQt/embed/simple" width="600" height="600" frameborder> at line 1
 ACTION TAKEN: iframe (with associated script tag) vine embed code was converted to the amp-vine tag.


AMP-HTML Validation Issues and Fixes
-------------------------------------
FAIL

<amp-vine layout="responsive" data-vineid="ixtpg1zrLQt" height="600" width="600"> on line 1
- The tag 'amp-vine' is disallowed.
   [code: DISALLOWED_TAG  category: DISALLOWED_HTML]
   ACTION TAKEN: amp-vine tag was removed due to validation issues.

COMPONENT NAMES WITH JS PATH
------------------------------
No custom amp script includes required
